// Jest Snapshot v1, https://goo.gl/fbAQLP

exports[`<GifGridItem /> tests should show the component correctly 1`] = `
<div
  className="card animate__animated animate__fadeIn"
>
  <img
    alt="A title"
    src="https://localhost/algo.jpg"
  />
  <p>
     
    A title
     
  </p>
</div>
`;
